
> accessmap@1.0.0 start
> expo start --port 8081 --offline

env: load .env
env: export EXPO_PUBLIC_CLERK_PUBLISHABLE_KEY EXPO_PUBLIC_STADIA_API_KEY EXPO_PUBLIC_SUPABASE_ANON_KEY EXPO_PUBLIC_SUPABASE_URL dbPass
Networking has been disabled
Starting project at C:\Users\henry\Desktop\accessMap
Using src/app as the root directory for Expo Router.
React Compiler enabled
Starting Metro Bundler

Waiting on http://localhost:8081

Logs for your project will appear below.
λ Bundled 1920ms node_modules\expo\node_modules\@expo\cli\node_modules\@expo\router-server\node\render.js (1619 modules)
Web Bundled 2676ms node_modules\expo-router\entry.js (1589 modules)
λ Bundled 34ms node_modules\expo\node_modules\@expo\cli\node_modules\@expo\router-server\node\render.js (1 module)
Web Bundled 447ms node_modules\expo-router\entry.js (1 module)
λ Bundled 47ms node_modules\expo\node_modules\@expo\cli\node_modules\@expo\router-server\node\render.js (1 module)
Web Bundled 481ms node_modules\expo-router\entry.js (1 module)
Web Bundled 540ms node_modules\expo-router\entry.js (1384 modules)
Web  INFO  %cDownload the React DevTools for a better development experience: https://react.dev/link/react-devtools font-weight:bold
Web  LOG  Running application "main" with appParams:
 {"hydrate": undefined, "rootTag": "#root"} 
Development-level warnings: ON.
Performance optimizations: OFF.
Web  WARN  
Clerk - DEPRECATION WARNING: @clerk/clerk-expo is deprecated.

Please migrate to @clerk/expo.

Migration guide: https://clerk.com/docs/guides/development/upgrading/upgrade-guides/core-3
Web  WARN  [Reanimated] Reduced motion setting is enabled on this device. This warning is visible only in the development mode. Some animations will be disabled by default. You can override the behavior for individual animations, see https://docs.swmansion.com/react-native-reanimated/docs/guides/troubleshooting#reduced-motion-setting-is-enabled-on-this-device.
Web  WARN  "shadow*" style props are deprecated. Use "boxShadow".
Web  WARN  props.pointerEvents is deprecated. Use style.pointerEvents
Web  WARN  Clerk: Clerk has been loaded with development keys. Development instances have strict usage limits and should not be used when deploying your application to production. Learn more: https://clerk.com/docs/deployments/overview
λ Bundled 40ms node_modules\expo\node_modules\@expo\cli\node_modules\@expo\router-server\node\render.js (1 module)
Web Bundled 470ms node_modules\expo-router\entry.js (1 module)
Web Bundled 44ms node_modules\expo-router\entry.js (1 module)
Web  INFO  %cDownload the React DevTools for a better development experience: https://react.dev/link/react-devtools font-weight:bold
Web  LOG  Running application "main" with appParams:
 {"hydrate": undefined, "rootTag": "#root"} 
Development-level warnings: ON.
Performance optimizations: OFF.
Web  WARN  
Clerk - DEPRECATION WARNING: @clerk/clerk-expo is deprecated.

Please migrate to @clerk/expo.

Migration guide: https://clerk.com/docs/guides/development/upgrading/upgrade-guides/core-3
Web  WARN  [Reanimated] Reduced motion setting is enabled on this device. This warning is visible only in the development mode. Some animations will be disabled by default. You can override the behavior for individual animations, see https://docs.swmansion.com/react-native-reanimated/docs/guides/troubleshooting#reduced-motion-setting-is-enabled-on-this-device.
Web  WARN  "shadow*" style props are deprecated. Use "boxShadow".
Web  WARN  props.pointerEvents is deprecated. Use style.pointerEvents
Web  WARN  Clerk: Clerk has been loaded with development keys. Development instances have strict usage limits and should not be used when deploying your application to production. Learn more: https://clerk.com/docs/deployments/overview
Web  WARN  Google sign-in failed [Error: Popup window was blocked by the browser or failed to open. This can happen in mobile browsers when the window.open() method was invoked too long after a user input was fired.]
Web  WARN  Google sign-in failed [Error: Popup window was blocked by the browser or failed to open. This can happen in mobile browsers when the window.open() method was invoked too long after a user input was fired.]
