
Clerk - DEPRECATION WARNING: @clerk/clerk-expo is deprecated.

Please migrate to @clerk/expo.

Migration guide: https://clerk.com/docs/guides/development/upgrading/upgrade-guides/core-3

"shadow*" style props are deprecated. Use "boxShadow".
props.pointerEvents is deprecated. Use style.pointerEvents

Clerk - DEPRECATION WARNING: @clerk/clerk-expo is deprecated.

Please migrate to @clerk/expo.

Migration guide: https://clerk.com/docs/guides/development/upgrading/upgrade-guides/core-3

"shadow*" style props are deprecated. Use "boxShadow".
props.pointerEvents is deprecated. Use style.pointerEvents

Clerk - DEPRECATION WARNING: @clerk/clerk-expo is deprecated.

Please migrate to @clerk/expo.

Migration guide: https://clerk.com/docs/guides/development/upgrading/upgrade-guides/core-3

"shadow*" style props are deprecated. Use "boxShadow".
props.pointerEvents is deprecated. Use style.pointerEvents

Clerk - DEPRECATION WARNING: @clerk/clerk-expo is deprecated.

Please migrate to @clerk/expo.

Migration guide: https://clerk.com/docs/guides/development/upgrading/upgrade-guides/core-3

"shadow*" style props are deprecated. Use "boxShadow".
props.pointerEvents is deprecated. Use style.pointerEvents
